2025-12-01 12:15:01,784 - INFO - Executing action: 0
2025-12-01 12:15:01,785 - INFO - Next state: agent_pos=(2, 1)
agent_dir=2
carrying=None
grid=[
[ 2,  2,  2,  2,  2,  2,  2,  2,  2,  2,  2,  2,  2,  2,  2, ],
[ 2,  1,  1,  1,  1,  1,  1,  2,  1,  1,  1,  1,  1,  1,  2, ],
[ 2,  1,  1,  1,  1,  1,  1,  2,  1,  1,  1,  1,  1,  1,  2, ],
[ 2,  1,  1,  1,  1,  1,  1,  1,  1,  1,  1,  1,  1,  1,  2, ],
[ 2,  1,  1,  1,  1,  1,  1,  2,  1,  1,  1,  1,  1,  1,  2, ],
[ 2,  1,  1,  1,  1,  1,  1,  2,  1,  1,  1,  1,  1,  1,  2, ],
[ 2,  1,  1,  1,  1,  1,  1,  2,  1,  1,  1,  1,  1,  1,  2, ],
[ 2,  2,  2,  1,  2,  2,  2,  2,  2,  2,  1,  2,  2,  2,  2, ],
[ 2,  1,  1,  1,  1,  1,  1,  2,  1,  1,  1,  1,  1,  1,  2, ],
[ 2,  1,  1,  1,  1,  1,  1,  2,  1,  1,  1,  1,  1,  1,  2, ],
[ 2,  1,  1,  1,  1,  1,  1,  1,  1,  1,  1,  1,  1,  1,  2, ],
[ 2,  1,  1,  1,  1,  1,  1,  2,  1,  1,  1,  1,  1, 10,  2, ],
[ 2,  1,  1,  1,  1,  1,  1,  2,  1,  1,  1,  1,  1,  1,  2, ],
[ 2,  1,  1,  1,  1,  1,  1,  2,  1,  1,  1,  1,  1,  1,  2, ],
[ 2,  2,  2,  2,  2,  2,  2,  2,  2,  2,  2,  2,  2,  2,  2, ],
]

2025-12-01 12:15:01,785 - INFO - Next obs: agent_pos=(2, 1)
agent_dir=2
carrying=None
grid=[
[ 2,  1,  1, ],
[ 2,  1, 12, ],
[ 2,  2,  2, ],
]

2025-12-01 12:15:01,785 - INFO - Reward: 0
2025-12-01 12:15:01,785 - INFO - Terminated: False
2025-12-01 12:15:01,785 - INFO -    Step 89
2025-12-01 12:15:01,804 - INFO - Num valid initial particles pre-rejuvenation: 79
2025-12-01 12:15:01,804 - INFO - Num attempts: 107/250000
2025-12-01 12:15:01,804 - INFO - Num valid initial particles: 79
2025-12-01 12:15:01,804 - INFO - Num unique initial particles: 79
2025-12-01 12:15:01,804 - INFO - Belief updated.
2025-12-01 12:15:01,804 - INFO - Start entropy: 4.28
